app/[slug]/page.tsx(280,37): error TS2367: This comparison appears to be unintentional because the types '"DRAFT" | "REGISTRATION_CLOSED" | "LIVE" | "ENDED" | "RESULTS_PUBLISHED" | "CANCELLED"' and '"PUBLISHED"' have no overlap.
app/admin/analytics/page.tsx(19,31): error TS2339: Property 'exportCSV' does not exist on type '{ analytics: { dailyMetrics: DailyMetric[]; totalRegistrations: number; totalRevenue: number; avgDailyRegistrations: number; contestsByStatus: { live: number; upcoming: number; ended: number; draft: number; }; topContests: ContestMetric[]; }; loading: boolean; }'.
app/admin/contests/[id]/index.tsx(56,35): error TS2345: Argument of type '{}' is not assignable to parameter of type 'Contest'.
  Type '{}' is missing the following properties from type 'Contest': id, title, slug, orgId, and 39 more.
app/admin/contests/[id]/index.tsx(65,18): error TS2339: Property 'organizationId' does not exist on type '{}'.
app/admin/contests/[id]/index.tsx(80,121): error TS2339: Property '_counts' does not exist on type '{}'.
app/admin/contests/[id]/index.tsx(129,50): error TS2339: Property 'title' does not exist on type '{}'.
app/admin/contests/[id]/index.tsx(138,34): error TS2339: Property 'coverImage' does not exist on type '{}'.
app/admin/contests/[id]/index.tsx(139,47): error TS2339: Property 'coverImage' does not exist on type '{}'.
app/admin/contests/[id]/index.tsx(139,72): error TS2339: Property 'title' does not exist on type '{}'.
app/admin/contests/[id]/index.tsx(142,42): error TS2339: Property 'title' does not exist on type '{}'.
app/admin/contests/[id]/index.tsx(147,84): error TS2339: Property 'title' does not exist on type '{}'.
app/admin/contests/[id]/index.tsx(150,42): error TS2339: Property 'orgSlug' does not exist on type '{}'.
app/admin/contests/[id]/index.tsx(159,21): error TS2740: Type '{}' is missing the following properties from type 'Contest': id, title, slug, orgId, and 39 more.
app/admin/contests/[id]/index.tsx(176,42): error TS2339: Property 'totalParticipants' does not exist on type 'ApiResponse<unknown>'.
app/admin/contests/[id]/index.tsx(176,71): error TS2339: Property '_counts' does not exist on type '{}'.
app/admin/contests/[id]/index.tsx(181,42): error TS2339: Property 'completionCount' does not exist on type 'ApiResponse<unknown>'.
app/admin/contests/[id]/index.tsx(181,69): error TS2339: Property '_counts' does not exist on type '{}'.
app/admin/contests/[id]/index.tsx(187,42): error TS2339: Property 'averageScore' does not exist on type 'ApiResponse<unknown>'.
app/admin/contests/[id]/index.tsx(192,40): error TS2339: Property 'fee' does not exist on type '{}'.
app/admin/contests/[id]/index.tsx(192,67): error TS2339: Property 'paidParticipants' does not exist on type 'ApiResponse<unknown>'.
app/admin/contests/[id]/index.tsx(192,95): error TS2339: Property '_counts' does not exist on type '{}'.
app/admin/contests/[id]/index.tsx(192,119): error TS2339: Property 'fee' does not exist on type '{}'.
app/admin/contests/[id]/index.tsx(194,50): error TS2339: Property 'fee' does not exist on type '{}'.
app/admin/contests/[id]/messages/page.tsx(176,37): error TS7006: Parameter 'template' implicitly has an 'any' type.
app/admin/contests/[id]/messages/page.tsx(334,41): error TS7006: Parameter 'template' implicitly has an 'any' type.
app/admin/contests/[id]/overview/page.tsx(55,31): error TS2345: Argument of type '{}' is not assignable to parameter of type 'Contest'.
  Type '{}' is missing the following properties from type 'Contest': id, title, slug, orgId, and 39 more.
app/admin/contests/[id]/overview/page.tsx(132,36): error TS2339: Property 'coverImage' does not exist on type '{}'.
app/admin/contests/[id]/overview/page.tsx(133,36): error TS2339: Property 'title' does not exist on type '{}'.
app/admin/contests/[id]/overview/page.tsx(151,38): error TS2339: Property 'title' does not exist on type '{}'.
app/admin/contests/[id]/overview/page.tsx(160,38): error TS2339: Property 'shortDescription' does not exist on type '{}'.
app/admin/contests/[id]/overview/page.tsx(177,32): error TS2339: Property 'description' does not exist on type '{}'.
app/admin/contests/[id]/overview/page.tsx(179,30): error TS2339: Property 'description' does not exist on type '{}'.
app/admin/contests/[id]/overview/page.tsx(179,53): error TS2339: Property 'description' does not exist on type '{}'.
app/admin/contests/[id]/overview/page.tsx(200,32): error TS2339: Property 'topic' does not exist on type '{}'.
app/admin/contests/[id]/overview/page.tsx(206,32): error TS2339: Property 'tags' does not exist on type '{}'.
app/admin/contests/[id]/overview/page.tsx(206,41): error TS7006: Parameter 'tag' implicitly has an 'any' type.
app/admin/contests/[id]/overview/page.tsx(227,34): error TS2339: Property 'startTime' does not exist on type '{}'.
app/admin/contests/[id]/overview/page.tsx(236,34): error TS2339: Property 'registrationDeadline' does not exist on type '{}'.
app/admin/contests/[id]/overview/page.tsx(244,41): error TS2339: Property 'durationMinutes' does not exist on type '{}'.
app/admin/contests/[id]/overview/page.tsx(252,41): error TS2339: Property 'maxParticipants' does not exist on type '{}'.
app/admin/contests/[id]/overview/page.tsx(259,63): error TS2339: Property 'timezone' does not exist on type '{}'.
app/admin/contests/[id]/overview/page.tsx(281,30): error TS2339: Property 'rules' does not exist on type '{}'.
app/admin/contests/[id]/overview/page.tsx(281,42): error TS7006: Parameter 'rule' implicitly has an 'any' type.
app/admin/contests/[id]/overview/page.tsx(281,48): error TS7006: Parameter 'idx' implicitly has an 'any' type.
app/admin/contests/[id]/overview/page.tsx(298,47): error TS2339: Property 'proctoringEnabled' does not exist on type '{}'.
app/admin/contests/[id]/overview/page.tsx(300,33): error TS2339: Property 'proctoringEnabled' does not exist on type '{}'.
app/admin/contests/[id]/overview/page.tsx(302,34): error TS2339: Property 'proctoringEnabled' does not exist on type '{}'.
app/admin/contests/[id]/overview/page.tsx(304,69): error TS2339: Property 'proctoringEnabled' does not exist on type '{}'.
app/admin/contests/[id]/overview/page.tsx(316,32): error TS2339: Property 'allowedDevices' does not exist on type '{}'.
app/admin/contests/[id]/overview/page.tsx(317,32): error TS2339: Property 'allowedDevices' does not exist on type '{}'.
app/admin/contests/[id]/overview/page.tsx(318,32): error TS2339: Property 'allowedDevices' does not exist on type '{}'.
app/admin/contests/[id]/overview/page.tsx(329,50): error TS2339: Property 'prizes' does not exist on type '{}'.
app/admin/contests/[id]/overview/page.tsx(346,82): error TS2339: Property 'fee' does not exist on type '{}'.
app/admin/contests/[id]/overview/page.tsx(352,128): error TS2339: Property 'razorpayKeyId' does not exist on type '{}'.
app/admin/contests/[id]/overview/page.tsx(380,55): error TS2339: Property 'orgSlug' does not exist on type '{}'.
app/admin/contests/[id]/overview/page.tsx(380,74): error TS2339: Property 'slug' does not exist on type '{}'.
app/admin/contests/[id]/overview/page.tsx(387,13): error TS2740: Type '{}' is missing the following properties from type 'Contest': id, title, slug, orgId, and 39 more.
app/admin/contests/[id]/overview/page.tsx(394,15): error TS2740: Type '{}' is missing the following properties from type 'Contest': id, title, slug, orgId, and 39 more.
app/admin/contests/[id]/overview/page.tsx(407,35): error TS2339: Property 'title' does not exist on type '{}'.
app/admin/contests/[id]/overview/page.tsx(409,39): error TS2339: Property '_counts' does not exist on type '{}'.
app/admin/contests/[id]/questions/page.tsx(75,31): error TS2345: Argument of type '{}' is not assignable to parameter of type 'Contest'.
  Type '{}' is missing the following properties from type 'Contest': id, title, slug, orgId, and 39 more.
app/admin/contests/[id]/questions/page.tsx(80,22): error TS2339: Property 'filter' does not exist on type '{}'.
app/admin/contests/[id]/questions/page.tsx(80,29): error TS7006: Parameter 'q' implicitly has an 'any' type.
app/admin/contests/[id]/questions/page.tsx(90,24): error TS2339: Property 'length' does not exist on type '{}'.
app/admin/contests/[id]/questions/page.tsx(91,23): error TS2339: Property 'filter' does not exist on type '{}'.
app/admin/contests/[id]/questions/page.tsx(91,30): error TS7006: Parameter 'q' implicitly has an 'any' type.
app/admin/contests/[id]/questions/page.tsx(92,25): error TS2339: Property 'filter' does not exist on type '{}'.
app/admin/contests/[id]/questions/page.tsx(92,32): error TS7006: Parameter 'q' implicitly has an 'any' type.
app/admin/contests/[id]/questions/page.tsx(93,23): error TS2339: Property 'filter' does not exist on type '{}'.
app/admin/contests/[id]/questions/page.tsx(93,30): error TS7006: Parameter 'q' implicitly has an 'any' type.
app/admin/contests/[id]/questions/page.tsx(137,79): error TS2339: Property '_counts' does not exist on type '{}'.
app/admin/contests/[id]/questions/page.tsx(242,75): error TS7006: Parameter 'q' implicitly has an 'any' type.
app/admin/contests/[id]/questions/page.tsx(277,42): error TS7006: Parameter 'q' implicitly has an 'any' type.
app/admin/contests/[id]/questions/page.tsx(277,45): error TS7006: Parameter 'idx' implicitly has an 'any' type.
app/admin/contests/[id]/questions/page.tsx(328,52): error TS7006: Parameter 'tag' implicitly has an 'any' type.
app/admin/contests/[id]/registrations/page.tsx(101,31): error TS2345: Argument of type '{}' is not assignable to parameter of type 'Contest'.
  Type '{}' is missing the following properties from type 'Contest': id, title, slug, orgId, and 39 more.
app/admin/contests/[id]/registrations/page.tsx(106,25): error TS2339: Property 'fee' does not exist on type '{}'.
app/admin/contests/[id]/registrations/page.tsx(110,22): error TS2339: Property '_counts' does not exist on type '{}'.
app/admin/contests/[id]/registrations/page.tsx(111,26): error TS2339: Property '_counts' does not exist on type '{}'.
app/admin/contests/[id]/registrations/page.tsx(112,21): error TS2339: Property '_counts' does not exist on type '{}'.
app/admin/contests/[id]/registrations/page.tsx(113,37): error TS7006: Parameter 'r' implicitly has an 'any' type.
app/admin/contests/[id]/registrations/page.tsx(114,36): error TS7006: Parameter 'r' implicitly has an 'any' type.
app/admin/contests/[id]/registrations/page.tsx(115,34): error TS7006: Parameter 'r' implicitly has an 'any' type.
app/admin/contests/[id]/registrations/page.tsx(116,26): error TS2339: Property '_counts' does not exist on type '{}'.
app/admin/contests/[id]/registrations/page.tsx(117,38): error TS7006: Parameter 'sum' implicitly has an 'any' type.
app/admin/contests/[id]/registrations/page.tsx(117,43): error TS7006: Parameter 'r' implicitly has an 'any' type.
app/admin/contests/[id]/registrations/page.tsx(158,21): error TS2339: Property 'fee' does not exist on type '{}'.
app/admin/contests/[id]/registrations/page.tsx(158,36): error TS2339: Property 'fee' does not exist on type '{}'.
app/admin/contests/[id]/registrations/page.tsx(172,21): error TS2339: Property 'fee' does not exist on type '{}'.
app/admin/contests/[id]/registrations/page.tsx(172,36): error TS2339: Property 'fee' does not exist on type '{}'.
app/admin/contests/[id]/registrations/page.tsx(209,21): error TS2339: Property 'fee' does not exist on type '{}'.
app/admin/contests/[id]/registrations/page.tsx(209,36): error TS2339: Property 'fee' does not exist on type '{}'.
app/admin/contests/[id]/registrations/page.tsx(257,72): error TS7006: Parameter 'r' implicitly has an 'any' type.
app/admin/contests/[id]/registrations/page.tsx(318,79): error TS7006: Parameter 'n' implicitly has an 'any' type.
app/admin/contests/[id]/registrations/page.tsx(450,17): error TS2339: Property 'fee' does not exist on type '{}'.
app/admin/contests/[id]/registrations/page.tsx(450,32): error TS2339: Property 'fee' does not exist on type '{}'.
app/admin/contests/[id]/registrations/page.tsx(462,60): error TS2339: Property 'fee' does not exist on type '{}'.
app/admin/contests/[id]/registrations/page.tsx(470,59): error TS2339: Property 'fee' does not exist on type '{}'.
app/admin/contests/[id]/submissions/[subId]/page.tsx(35,35): error TS2339: Property 'getSubmission' does not exist on type '{ getContestSubmissions: (contestId: string, params?: { status?: string | undefined; page?: number | undefined; limit?: number | undefined; } | undefined) => Promise<ApiResponse<SubmissionsResponse>>; getSubmissionDetail: (submissionId: string) => Promise<...>; invalidateSubmission: (submissionId: string, reason: st...'.
app/admin/contests/[id]/submissions/page.tsx(313,37): error TS2339: Property 'totalPages' does not exist on type '{ total: number; page: number; limit: number; pages: number; }'.
app/admin/contests/[id]/submissions/page.tsx(316,52): error TS2339: Property 'totalPages' does not exist on type '{ total: number; page: number; limit: number; pages: number; }'.
app/admin/contests/[id]/submissions/page.tsx(332,49): error TS2339: Property 'totalPages' does not exist on type '{ total: number; page: number; limit: number; pages: number; }'.
app/admin/contests/page.tsx(97,38): error TS7006: Parameter 'contest' implicitly has an 'any' type.
app/admin/messages/templates/page.tsx(29,59): error TS7006: Parameter 't' implicitly has an 'any' type.
app/admin/messages/templates/page.tsx(33,59): error TS7006: Parameter 't' implicitly has an 'any' type.
app/admin/messages/templates/page.tsx(136,45): error TS7006: Parameter 'template' implicitly has an 'any' type.
app/admin/messages/templates/page.tsx(155,43): error TS7006: Parameter 'template' implicitly has an 'any' type.
app/admin/organization/page.tsx(46,19): error TS2339: Property 'name' does not exist on type '{}'.
app/admin/organization/page.tsx(47,19): error TS2339: Property 'slug' does not exist on type '{}'.
app/admin/organization/page.tsx(48,26): error TS2339: Property 'description' does not exist on type '{}'.
app/admin/organization/page.tsx(49,22): error TS2339: Property 'website' does not exist on type '{}'.
app/admin/organization/page.tsx(50,23): error TS2339: Property 'industry' does not exist on type '{}'.
app/admin/organization/page.tsx(51,27): error TS2339: Property 'primaryColor' does not exist on type '{}'.
app/admin/organization/page.tsx(52,29): error TS2339: Property 'secondaryColor' does not exist on type '{}'.
app/admin/organization/page.tsx(53,28): error TS2339: Property 'razorpayKeyId' does not exist on type '{}'.
app/admin/organization/page.tsx(54,32): error TS2339: Property 'razorpayKeySecret' does not exist on type '{}'.
app/admin/organization/page.tsx(55,23): error TS2339: Property 'testMode' does not exist on type '{}'.
app/admin/organization/page.tsx(56,29): error TS2339: Property 'aisensynAPIKey' does not exist on type '{}'.
app/admin/organization/page.tsx(57,29): error TS2339: Property 'whatsappNumber' does not exist on type '{}'.
app/admin/organization/team/page.tsx(120,33): error TS7006: Parameter 'invitation' implicitly has an 'any' type.
app/admin/page.tsx(106,27): error TS2339: Property '_count' does not exist on type '{}'.
app/quiz/[slug]/play/page.tsx(82,11): error TS2339: Property 'emitAnswer' does not exist on type '{ isConnected: boolean; submitAnswer: (questionId: string, selectedOptionId: string | null, questionIndex: number) => void; submitQuiz: () => void; sendProctoringEvent: (type: string, severity: number, metadata?: object | undefined) => void; markAsReady: (cameraGranted?: boolean) => void; socket: Socket<...> | null; }'.
app/quiz/[slug]/play/page.tsx(82,23): error TS2339: Property 'emitSubmit' does not exist on type '{ isConnected: boolean; submitAnswer: (questionId: string, selectedOptionId: string | null, questionIndex: number) => void; submitQuiz: () => void; sendProctoringEvent: (type: string, severity: number, metadata?: object | undefined) => void; markAsReady: (cameraGranted?: boolean) => void; socket: Socket<...> | null; }'.
app/quiz/[slug]/play/page.tsx(82,35): error TS2339: Property 'emitProctoringWarning' does not exist on type '{ isConnected: boolean; submitAnswer: (questionId: string, selectedOptionId: string | null, questionIndex: number) => void; submitQuiz: () => void; sendProctoringEvent: (type: string, severity: number, metadata?: object | undefined) => void; markAsReady: (cameraGranted?: boolean) => void; socket: Socket<...> | null; }'.
app/quiz/[slug]/play/page.tsx(84,5): error TS2554: Expected 1 arguments, but got 3.
app/quiz/[slug]/submitted/page.tsx(23,54): error TS2339: Property 'stopProctoring' does not exist on type 'ProctoringState & ProctoringActions'.
app/quiz/[slug]/submitted/page.tsx(86,29): error TS2339: Property 'resultsDeclared' does not exist on type 'Contest'.
app/quiz/[slug]/waiting/page.tsx(20,37): error TS2305: Module '"@/lib/hooks/useWaitingRoomSocket"' has no exported member 'BroadcastMessage'.
app/quiz/[slug]/waiting/page.tsx(60,5): error TS2339: Property 'wsStatus' does not exist on type '{ status: "error" | "connected" | "connecting" | "starting"; timeToStart: number | null; participantCount: number; socket: Socket<DefaultEventsMap, DefaultEventsMap> | null; }'.
app/quiz/[slug]/waiting/page.tsx(61,5): error TS2339: Property 'broadcastMessage' does not exist on type '{ status: "error" | "connected" | "connecting" | "starting"; timeToStart: number | null; participantCount: number; socket: Socket<DefaultEventsMap, DefaultEventsMap> | null; }'.
app/quiz/[slug]/waiting/page.tsx(62,5): error TS2339: Property 'clearBroadcast' does not exist on type '{ status: "error" | "connected" | "connecting" | "starting"; timeToStart: number | null; participantCount: number; socket: Socket<DefaultEventsMap, DefaultEventsMap> | null; }'.
app/quiz/[slug]/waiting/page.tsx(63,5): error TS2339: Property 'showStartingOverlay' does not exist on type '{ status: "error" | "connected" | "connecting" | "starting"; timeToStart: number | null; participantCount: number; socket: Socket<DefaultEventsMap, DefaultEventsMap> | null; }'.
app/quiz/[slug]/waiting/page.tsx(64,5): error TS2339: Property 'contestStartTime' does not exist on type '{ status: "error" | "connected" | "connecting" | "starting"; timeToStart: number | null; participantCount: number; socket: Socket<DefaultEventsMap, DefaultEventsMap> | null; }'.
app/quiz/[slug]/waiting/page.tsx(65,47): error TS2554: Expected 1 arguments, but got 3.
app/quiz/[slug]/waiting/page.tsx(344,16): error TS7053: Element implicitly has an 'any' type because expression of type 'any' can't be used to index type '{ info: ForwardRefExoticComponent<Omit<LucideProps, "ref"> & RefAttributes<SVGSVGElement>>; warning: ForwardRefExoticComponent<...>; urgent: ForwardRefExoticComponent<...>; }'.
app/quiz/[slug]/waiting/page.tsx(355,30): error TS7053: Element implicitly has an 'any' type because expression of type 'any' can't be used to index type '{ info: string; warning: string; urgent: string; }'.
app/quiz/[slug]/waiting/page.tsx(355,64): error TS7053: Element implicitly has an 'any' type because expression of type 'any' can't be used to index type '{ info: string; warning: string; urgent: string; }'.
app/quiz/[slug]/waiting/page.tsx(364,105): error TS7053: Element implicitly has an 'any' type because expression of type 'any' can't be used to index type '{ info: string; warning: string; urgent: string; }'.
components/features/live-monitor/LiveParticipantCard.tsx(56,40): error TS2339: Property 'lastActivityAt' does not exist on type 'LiveParticipant'.
components/features/quiz/WSConnectionStatus.tsx(3,15): error TS2305: Module '"@/lib/hooks/useWaitingRoomSocket"' has no exported member 'WsStatus'.
components/features/quiz/WSConnectionStatus.tsx(32,18): error TS7053: Element implicitly has an 'any' type because expression of type 'WSStatus' can't be used to index type '{ connected: { color: string; text: string; pulse: boolean; }; reconnecting: { color: string; text: string; pulse: boolean; }; disconnected: { color: string; text: string; pulse: boolean; }; }'.
lib/api/analytics.api.ts(37,60): error TS2345: Argument of type '{ buckets?: number | undefined; } | undefined' is not assignable to parameter of type 'ApiOptions | undefined'.
  Type '{ buckets?: number | undefined; }' has no properties in common with type 'ApiOptions'.
lib/api/proctoring.api.ts(30,50): error TS2345: Argument of type '{ page?: number | undefined; limit?: number | undefined; } | undefined' is not assignable to parameter of type 'ApiOptions | undefined'.
  Type '{ page?: number | undefined; limit?: number | undefined; }' has no properties in common with type 'ApiOptions'.
lib/api/proctoring.api.ts(48,49): error TS2345: Argument of type '{ participantId?: string | undefined; type?: string | undefined; severity?: number | undefined; dismissed?: boolean | undefined; page?: number | undefined; limit?: number | undefined; } | undefined' is not assignable to parameter of type 'ApiOptions | undefined'.
  Type '{ participantId?: string | undefined; type?: string | undefined; severity?: number | undefined; dismissed?: boolean | undefined; page?: number | undefined; limit?: number | undefined; }' has no properties in common with type 'ApiOptions'.
lib/api/submissions.api.ts(23,52): error TS2345: Argument of type '{ status?: string | undefined; page?: number | undefined; limit?: number | undefined; } | undefined' is not assignable to parameter of type 'ApiOptions | undefined'.
  Type '{ status?: string | undefined; page?: number | undefined; limit?: number | undefined; }' has no properties in common with type 'ApiOptions'.
lib/hooks/useAnswerHandler.ts(23,66): error TS2339: Property 'id' does not exist on type '{ index: number; text: string; imageUrl?: string | undefined; }'.
lib/hooks/useAuth.ts(102,5): error TS2322: Type '(token: string, newPassword: string) => Promise<ApiResponse<unknown>>' is not assignable to type 'MutationFunction<ApiResponse<unknown>, string>'.
  Types of parameters 'newPassword' and 'context' are incompatible.
    Type 'MutationFunctionContext' is not assignable to type 'string'.
lib/hooks/useAuth.ts(131,65): error TS2339: Property 'id' does not exist on type '{}'.
lib/hooks/useAuth.ts(132,47): error TS2339: Property 'emailVerified' does not exist on type '{}'.
lib/hooks/useAuth.ts(134,41): error TS2339: Property 'organizations' does not exist on type '{}'.
lib/hooks/useContest.ts(84,39): error TS2339: Property 'registrationDeadline' does not exist on type '{}'.
lib/hooks/useContest.ts(92,40): error TS2339: Property 'startTime' does not exist on type '{}'.
lib/hooks/useContest.ts(93,38): error TS2339: Property 'endTime' does not exist on type '{}'.
lib/hooks/useContest.ts(101,38): error TS2339: Property 'endTime' does not exist on type '{}'.
lib/hooks/useContests.ts(40,46): error TS2339: Property 'data' does not exist on type '{}'.
lib/hooks/useContests.ts(41,48): error TS2339: Property 'pagination' does not exist on type '{}'.
lib/hooks/useLeaderboard.ts(24,48): error TS2339: Property 'entries' does not exist on type '{}'.
lib/hooks/useLeaderboard.ts(25,51): error TS2339: Property 'pagination' does not exist on type '{}'.
lib/hooks/useLeaderboard.ts(55,35): error TS7006: Parameter 'e' implicitly has an 'any' type.
lib/hooks/useLeaderboard.ts(63,35): error TS7006: Parameter 'e' implicitly has an 'any' type.
lib/hooks/useMessageSending.ts(41,32): error TS2339: Property 'isLoading' does not exist on type 'UseMutationResult<SentMessage, Error, { contestId: string; templateId: string; recipientFilter: RecipientFilter; channel: MessageChannel; }, unknown>'.
  Property 'isLoading' does not exist on type 'Override<MutationObserverIdleResult<SentMessage, Error, { contestId: string; templateId: string; recipientFilter: RecipientFilter; channel: MessageChannel; }, unknown>, { ...; }> & { ...; }'.
lib/hooks/useMessageSending.ts(41,62): error TS2339: Property 'isLoading' does not exist on type 'UseMutationResult<MessageDraft, Error, { contestId: string; templateId: string; recipientFilter: RecipientFilter; channel: MessageChannel; scheduledFor: string; }, unknown>'.
  Property 'isLoading' does not exist on type 'Override<MutationObserverIdleResult<MessageDraft, Error, { contestId: string; templateId: string; recipientFilter: RecipientFilter; channel: MessageChannel; scheduledFor: string; }, unknown>, { ...; }> & { ...; }'.
lib/hooks/useMessageTemplates.ts(37,42): error TS2339: Property 'data' does not exist on type 'MessageTemplate[]'.
lib/hooks/useMessageTemplates.ts(49,22): error TS2339: Property 'isLoading' does not exist on type 'UseMutationResult<MessageTemplate, Error, Omit<MessageTemplate, "id" | "createdAt" | "updatedAt">, unknown>'.
  Property 'isLoading' does not exist on type 'Override<MutationObserverIdleResult<MessageTemplate, Error, Omit<MessageTemplate, "id" | "createdAt" | "updatedAt">, unknown>, { ...; }> & { ...; }'.
lib/hooks/useMessageTemplates.ts(50,22): error TS2339: Property 'isLoading' does not exist on type 'UseMutationResult<MessageTemplate | null, Error, { id: string; data: Partial<MessageTemplate>; }, unknown>'.
  Property 'isLoading' does not exist on type 'Override<MutationObserverIdleResult<MessageTemplate | null, Error, { id: string; data: Partial<MessageTemplate>; }, unknown>, { ...; }> & { ...; }'.
lib/hooks/useMessageTemplates.ts(51,22): error TS2339: Property 'isLoading' does not exist on type 'UseMutationResult<boolean, Error, string, unknown>'.
  Property 'isLoading' does not exist on type 'Override<MutationObserverIdleResult<boolean, Error, string, unknown>, { mutate: UseMutateFunction<boolean, Error, string, unknown>; }> & { ...; }'.
lib/hooks/useProctoring.ts(48,41): error TS2339: Property 'data' does not exist on type '{}'.
lib/hooks/usePublicRegistration.ts(3,23): error TS2305: Module '"@tanstack/react-query"' has no exported member 'useState'.
lib/hooks/useRegistrations.ts(57,32): error TS2304: Cannot find name 'ids'.
lib/hooks/useRegistrations.ts(94,54): error TS2339: Property 'data' does not exist on type '{}'.
lib/hooks/useRegistrations.ts(95,52): error TS2339: Property 'pagination' does not exist on type '{}'.
lib/hooks/useScheduledMessages.ts(22,27): error TS2339: Property 'data' does not exist on type 'MessageDraft[]'.
lib/hooks/useSentMessages.ts(13,27): error TS2339: Property 'data' does not exist on type 'SentMessage[]'.
lib/hooks/useSubmissions.ts(29,30): error TS2339: Property 'data' does not exist on type '{}'.
lib/hooks/useSubmissions.ts(30,29): error TS2339: Property 'pagination' does not exist on type '{}'.
lib/hooks/useSubmissions.ts(31,26): error TS2339: Property 'summary' does not exist on type '{}'.
lib/hooks/useTeamMembers.ts(26,33): error TS2339: Property 'filter' does not exist on type '{}'.
lib/hooks/useTeamMembers.ts(27,38): error TS2339: Property 'filter' does not exist on type '{}'.
lib/hooks/useTeamMembers.ts(30,54): error TS2322: Type 'string' is not assignable to type '"OWNER" | "ADMIN" | "VIEWER"'.
